// Jest Snapshot v1, https://goo.gl/fbAQLP

exports[`should render ExpenseList with expenses 1`] = `
<div>
  <li
    key="1"
  >
    <ExpenseListItem
      amount={195}
      createdAt={0}
      description="Gum"
      id="1"
      note=""
    />
  </li>
  <li
    key="2"
  >
    <ExpenseListItem
      amount={109500}
      createdAt={-345600000}
      description="Rent"
      id="2"
      note=""
    />
  </li>
  <li
    key="3"
  >
    <ExpenseListItem
      amount={4500}
      createdAt={345600000}
      description="Credit card"
      id="3"
      note=""
    />
  </li>
</div>
`;

exports[`should render message when no expenses are passed 1`] = `
<div>
  <p>
    No expenses
  </p>
</div>
`;
