// Jest Snapshot v1, https://goo.gl/fbAQLP

exports[`should render NotFoundPage correctly 1`] = `
<div>
  <p>
    404: Not Found!
  </p>
  <Link
    to="/"
  >
    Go to home page
  </Link>
</div>
`;
